[technext.github.io/JohnDoe/index.html]
[backblue.gif]
[fade.gif]
[index.html]
[technext.github.io/JohnDoe/assets/bootstrap/css/bootstrap.min.css]
[technext.github.io/JohnDoe/assets/font-awesome/css/font-awesome.min.css]
[technext.github.io/JohnDoe/assets/lightbox/css/lightbox.css]
[technext.github.io/JohnDoe/assets/textrotator/simpletextrotator.css]
[technext.github.io/JohnDoe/assets/flexslider/flexslider.css]
[technext.github.io/JohnDoe/css/style.css]
[technext.github.io/JohnDoe/css/animate.css]
[technext.github.io/JohnDoe/img/favicon.ico]
[technext.github.io/JohnDoe/img/scroll-down.png]
[technext.github.io/JohnDoe/img/about1.png]
[technext.github.io/JohnDoe/img/about2.png]
[technext.github.io/JohnDoe/img/about3.png]
[technext.github.io/JohnDoe/img/portfolio/portfolio-01-large.jpg]
[technext.github.io/JohnDoe/img/portfolio/portfolio-01-thumbnail.jpg]
[technext.github.io/JohnDoe/img/portfolio/portfolio-02-large.jpg]
[technext.github.io/JohnDoe/img/portfolio/portfolio-02-thumbnail.jpg]
[technext.github.io/JohnDoe/img/portfolio/portfolio-03-large.jpg]
[technext.github.io/JohnDoe/img/portfolio/portfolio-03-thumbnail.jpg]
[technext.github.io/JohnDoe/img/portfolio/portfolio-04-large.jpg]
[technext.github.io/JohnDoe/img/portfolio/portfolio-04-thumbnail.jpg]
[technext.github.io/JohnDoe/img/portfolio/portfolio-05-large.jpg]
[technext.github.io/JohnDoe/img/portfolio/portfolio-05-thumbnail.jpg]
[technext.github.io/JohnDoe/img/portfolio/portfolio-06-large.jpg]
[technext.github.io/JohnDoe/img/portfolio/portfolio-06-thumbnail.jpg]
[technext.github.io/JohnDoe/img/portfolio/portfolio-07-large.jpg]
[technext.github.io/JohnDoe/img/portfolio/portfolio-07-thumbnail.jpg]
[technext.github.io/JohnDoe/img/portfolio/portfolio-08-large.jpg]
[technext.github.io/JohnDoe/img/portfolio/portfolio-08-thumbnail.jpg]
[technext.github.io/JohnDoe/img/blog1.jpg]
[technext.github.io/JohnDoe/img/blog2.jpg]
[technext.github.io/JohnDoe/img/blog3.jpg]
[technext.github.io/JohnDoe/img/clients.png]
[technext.github.io/JohnDoe/img/newsletter.png]
[ajax.googleapis.com/ajax/libs/jquery/1.11.0/jquery.min.js]
[technext.github.io/JohnDoe/assets/smoothscroll/smoothscroll.js]
[technext.github.io/JohnDoe/assets/bootstrap/js/bootstrap.min.js]
[technext.github.io/JohnDoe/js/waypoints.min.js]
[technext.github.io/JohnDoe/js/classie.js]
[technext.github.io/JohnDoe/assets/flexslider/jquery.flexslider.js]
[technext.github.io/JohnDoe/js/modernizr.js]
[technext.github.io/JohnDoe/assets/textrotator/jquery.simple-text-rotator.js]
[technext.github.io/JohnDoe/assets/lightbox/js/lightbox.min.js]
[technext.github.io/JohnDoe/js/main.js]
[technext.github.io/JohnDoe/js/script.js]
[technext.github.io/JohnDoe/index.html]
[technext.github.io/JohnDoe/assets/bootstrap/fonts/glyphicons-halflings-regular.eot]
[technext.github.io/JohnDoe/assets/bootstrap/fonts/glyphicons-halflings-regulard41d.eot]
[technext.github.io/JohnDoe/assets/bootstrap/fonts/glyphicons-halflings-regular.woff]
[technext.github.io/JohnDoe/assets/bootstrap/fonts/glyphicons-halflings-regular.ttf]
[technext.github.io/JohnDoe/assets/bootstrap/css/bootstrap.min.css]
[technext.github.io/JohnDoe/assets/bootstrap/fonts/glyphicons-halflings-regular.svg]
[technext.github.io/JohnDoe/assets/font-awesome/fonts/fontawesome-webfonte0a5.eot]
[technext.github.io/JohnDoe/assets/font-awesome/fonts/fontawesome-webfontd41d.eot]
[technext.github.io/JohnDoe/assets/font-awesome/fonts/fontawesome-webfonte0a5.woff2]
[technext.github.io/JohnDoe/assets/font-awesome/fonts/fontawesome-webfonte0a5.woff]
[technext.github.io/JohnDoe/assets/font-awesome/fonts/fontawesome-webfonte0a5.ttf]
[technext.github.io/JohnDoe/assets/font-awesome/css/font-awesome.min.css]
[technext.github.io/JohnDoe/assets/font-awesome/fonts/fontawesome-webfonte0a5.svg]
[technext.github.io/JohnDoe/assets/lightbox/img/close.png]
[technext.github.io/JohnDoe/assets/lightbox/img/loading.gif]
[technext.github.io/JohnDoe/assets/lightbox/img/prev.png]
[technext.github.io/JohnDoe/assets/lightbox/img/next.png]
[technext.github.io/JohnDoe/assets/lightbox/css/lightbox.css]
[technext.github.io/JohnDoe/assets/textrotator/simpletextrotator.css]
[technext.github.io/JohnDoe/assets/flexslider/flexslider.css]
[technext.github.io/JohnDoe/img/preloader.gif]
[technext.github.io/JohnDoe/img/header-bg.jpg]
[technext.github.io/JohnDoe/img/h1-bg.png]
[technext.github.io/JohnDoe/img/iphone-bg.png]
[technext.github.io/JohnDoe/css/style.css]
[technext.github.io/JohnDoe/css/animate.css]
[technext.github.io/JohnDoe/assets/bootstrap/fonts/glyphicons-halflings-regular.svg]
[technext.github.io/JohnDoe/assets/font-awesome/fonts/fontawesome-webfonte0a5.svg]
[technext.github.io/JohnDoe/img/iphone-bg.html]
